2025-06-17 15:28:25 DEBUG TelegramBot:33 - ds
2025-06-17 15:36:56 DEBUG TelegramBot:33 - f
2025-06-17 15:36:57 ERROR TelegramBot:43 - org.telegram.telegrambots.meta.exceptions.TelegramApiRequestException: Unable to deserialize response
2025-06-17 16:47:17 ERROR UpdateController:37 - Received unsuppported message type :Update(updateId=678610077, message=null, inlineQuery=null, chosenInlineQuery=null, callbackQuery=null, editedMessage=Message(messageId=30, from=User(id=1279979723, firstName=Rembo, isBot=false, lastName=null, userName=Settww, languageCode=ru, canJoinGroups=null, canReadAllGroupMessages=null, supportInlineQueries=null, isPremium=null, addedToAttachmentMenu=null), date=1750160827, chat=Chat(id=1279979723, type=private, title=null, firstName=Rembo, lastName=null, userName=Settww, photo=null, description=null, inviteLink=null, pinnedMessage=null, stickerSetName=null, canSetStickerSet=null, permissions=null, slowModeDelay=null, bio=null, linkedChatId=null, location=null, messageAutoDeleteTime=null, hasPrivateForwards=null, HasProtectedContent=null, joinToSendMessages=null, joinByRequest=null), forwardFrom=null, forwardFromChat=null, forwardDate=null, text=fgdhg, entities=null, captionEntities=null, audio=null, document=null, photo=null, sticker=null, video=null, contact=null, location=null, venue=null, animation=null, pinnedMessage=null, newChatMembers=[], leftChatMember=null, newChatTitle=null, newChatPhoto=null, deleteChatPhoto=null, groupchatCreated=null, replyToMessage=null, voice=null, caption=null, superGroupCreated=null, channelChatCreated=null, migrateToChatId=null, migrateFromChatId=null, editDate=1750160838, game=null, forwardFromMessageId=null, invoice=null, successfulPayment=null, videoNote=null, authorSignature=null, forwardSignature=null, mediaGroupId=null, connectedWebsite=null, passportData=null, forwardSenderName=null, poll=null, replyMarkup=null, dice=null, viaBot=null, senderChat=null, proximityAlertTriggered=null, messageAutoDeleteTimerChanged=null, isAutomaticForward=null, hasProtectedContent=null, webAppData=null, videoChatStarted=null, videoChatEnded=null, videoChatParticipantsInvited=null, videoChatScheduled=null), channelPost=null, editedChannelPost=null, shippingQuery=null, preCheckoutQuery=null, poll=null, pollAnswer=null, myChatMember=null, chatMember=null, chatJoinRequest=null)
2025-06-18 10:15:17 DEBUG UpdateproduceImpl:12 - 
2025-06-18 10:15:30 DEBUG UpdateproduceImpl:12 - 
2025-06-18 11:55:54 DEBUG UpdateproduceImpl:20 - 5
2025-06-18 11:56:19 DEBUG UpdateproduceImpl:20 - 2025-06-18 11:55:59.326  WARN 10940 --- [127.0.0.1:15672] c.r.c.i.ForgivingExceptionHandler        : An unexpected connection driver error occured (Exception message: Socket closed)
2025-06-18 11:56:04.338  WARN 10940 --- [0:0:0:0:1:15672] c.r.c.i.ForgivingExceptionHandler        : An unexpected connection driver error occured (Exception message: Socket closed)
2025-06-18 11:56:04.342 ERROR 10940 --- [legram Executor] o.t.t.u.DefaultBotSession                : java.util.concurrent.TimeoutException

org.springframework.amqp.AmqpTimeoutException: java.util.concurrent.TimeoutException
 at org.springframework.amqp.rabbit.support.RabbitExceptionTranslator.convertRabbitAccessException(RabbitExceptionTranslator.java:73) ~[spring-rabbit-2.3.9.jar:2.3.9]
 at org.springframework.amqp.rabbit.connection.AbstractConnectionFactory.createBareConnection(AbstractConnectionFactory.java:602) ~[spring-rabbit-2.3.9.jar:2.3.9]
 at org.springframework.amqp.rabbit.connection.CachingConnectionFactory.createConnection(CachingConnectionFactory.java:724) ~[spring-rabbit-2.3.9.jar:2.3.9]
 at org.springframework.amqp.rabbit.connection.ConnectionFactoryUtils.createConnection(ConnectionFactoryUtils.java:216) ~[spring-rabbit-2.3.9.jar:2.3.9]
 at org.springframework.amqp.rabbit.core.RabbitTemplate.doExecute(RabbitTemplate.java:2167) ~[spring-rabbit-2.3.9.jar:2.3.9]
 at org.springframework.amqp.rabbit.core.RabbitTemplate.execute(RabbitTemplate.java:2140) ~[spring-rabbit-2.3.9.jar:2.3.9]
 at org.springframework.amqp.rabbit.core.RabbitTemplate.send(RabbitTemplate.java:1063) ~[spring-rabbit-2.3.9.jar:2.3.9]
 at org.springframework.amqp.rabbit.core.RabbitTemplate.convertAndSend(RabbitTemplate.java:1128) ~[spring-rabbit-2.3.9.jar:2.3.9]
 at org.springframework.amqp.rabbit.core.RabbitTemplate.convertAndSend(RabbitTemplate.java:1110) ~[spring-rabbit-2.3.9.jar:2.3.9]
 at org.example.service.impl.UpdateproduceImpl.produce(UpdateproduceImpl.java:21) ~[classes/:?]
 at org.example.Controller.UpdateProcessor.proccesTextMessage(UpdateController.java:76) ~[classes/:?]
 at org.example.Controller.UpdateProcessor.distributeMessagesByType(UpdateController.java:45) ~[classes/:?]
 at org.example.Controller.UpdateProcessor.proccesupdate(UpdateController.java:36) ~[classes/:?]
 at org.example.Controller.TelegramBot.onUpdateReceived(TelegramBot.java:45) ~[classes/:?]
 at java.util.ArrayList.forEach(ArrayList.java:1511) ~[?:?]
 at org.telegram.telegrambots.meta.generics.LongPollingBot.onUpdatesReceived(LongPollingBot.java:27) ~[telegrambots-meta-6.1.0.jar:?]
 at org.telegram.telegrambots.updatesreceivers.DefaultBotSession$HandlerThread.run(DefaultBotSession.java:317) [telegrambots-6.1.0.jar:?]
Caused by: java.util.concurrent.TimeoutException
 at com.rabbitmq.utility.BlockingCell.get(BlockingCell.java:77) ~[amqp-client-5.12.0.jar:5.12.0]
 at com.rabbitmq.utility.BlockingCell.uninterruptibleGet(BlockingCell.java:120) ~[amqp-client-5.12.0.jar:5.12.0]
 at com.rabbitmq.utility.BlockingValueOrException.uninterruptibleGetValue(BlockingValueOrException.java:36) ~[amqp-client-5.12.0.jar:5.12.0]
 at com.rabbitmq.client.impl.AMQChannel$BlockingRpcContinuation.getReply(AMQChannel.java:502) ~[amqp-client-5.12.0.jar:5.12.0]
 at com.rabbitmq.client.impl.AMQConnection.start(AMQConnection.java:326) ~[amqp-client-5.12.0.jar:5.12.0]
 at com.rabbitmq.client.ConnectionFactory.newConnection(ConnectionFactory.java:1222) ~[amqp-client-5.12.0.jar:5.12.0]
 at com.rabbitmq.client.ConnectionFactory.newConnection(ConnectionFactory.java:1170) ~[amqp-client-5.12.0.jar:5.12.0]
 at org.springframework.amqp.rabbit.connection.AbstractConnectionFactory.connectAddresses(AbstractConnectionFactory.java:640) ~[spring-rabbit-2.3.9.jar:2.3.9]
 at org.springframework.amqp.rabbit.connection.AbstractConnectionFactory.connect(AbstractConnectionFactory.java:615) ~[spring-rabbit-2.3.9.jar:2.3.9]
 at org.springframework.amqp.rabbit.connection.AbstractConnectionFactory.createBareConnection(AbstractConnectionFactory.java:565) ~[spring-rabbit-2.3.9.jar:2.3.9]
 ... 15 more
2025-06-18 12:02:35 DEBUG UpdateproduceImpl:20 - п
2025-06-18 12:44:02 DEBUG UpdateproduceImpl:20 - HELLO FROM CHAT
2025-06-19 11:35:20 DEBUG UpdateproduceImpl:20 - asatana
2025-06-19 12:24:46 DEBUG UpdateproduceImpl:20 - dssdsd
2025-06-19 13:43:40 DEBUG UpdateproduceImpl:20 - мбаппе
2025-06-19 13:43:45 DEBUG UpdateproduceImpl:20 - 😀
2025-06-19 13:44:11 ERROR UpdateController:38 - Received unsuppported message type :Update(updateId=678610090, message=null, inlineQuery=null, chosenInlineQuery=null, callbackQuery=null, editedMessage=Message(messageId=49, from=User(id=1279979723, firstName=Rembo, isBot=false, lastName=null, userName=Settww, languageCode=ru, canJoinGroups=null, canReadAllGroupMessages=null, supportInlineQueries=null, isPremium=null, addedToAttachmentMenu=null), date=1750322625, chat=Chat(id=1279979723, type=private, title=null, firstName=Rembo, lastName=null, userName=Settww, photo=null, description=null, inviteLink=null, pinnedMessage=null, stickerSetName=null, canSetStickerSet=null, permissions=null, slowModeDelay=null, bio=null, linkedChatId=null, location=null, messageAutoDeleteTime=null, hasPrivateForwards=null, HasProtectedContent=null, joinToSendMessages=null, joinByRequest=null), forwardFrom=null, forwardFromChat=null, forwardDate=null, text=😀а, entities=null, captionEntities=null, audio=null, document=null, photo=null, sticker=null, video=null, contact=null, location=null, venue=null, animation=null, pinnedMessage=null, newChatMembers=[], leftChatMember=null, newChatTitle=null, newChatPhoto=null, deleteChatPhoto=null, groupchatCreated=null, replyToMessage=null, voice=null, caption=null, superGroupCreated=null, channelChatCreated=null, migrateToChatId=null, migrateFromChatId=null, editDate=1750322651, game=null, forwardFromMessageId=null, invoice=null, successfulPayment=null, videoNote=null, authorSignature=null, forwardSignature=null, mediaGroupId=null, connectedWebsite=null, passportData=null, forwardSenderName=null, poll=null, replyMarkup=null, dice=null, viaBot=null, senderChat=null, proximityAlertTriggered=null, messageAutoDeleteTimerChanged=null, isAutomaticForward=null, hasProtectedContent=null, webAppData=null, videoChatStarted=null, videoChatEnded=null, videoChatParticipantsInvited=null, videoChatScheduled=null), channelPost=null, editedChannelPost=null, shippingQuery=null, preCheckoutQuery=null, poll=null, pollAnswer=null, myChatMember=null, chatMember=null, chatJoinRequest=null)
2025-06-20 14:44:11 DEBUG UpdateproduceImpl:20 - А
2025-06-20 14:51:54 DEBUG UpdateproduceImpl:20 - f
2025-06-20 14:52:00 DEBUG UpdateproduceImpl:20 - /help
2025-06-20 14:52:04 DEBUG UpdateproduceImpl:20 - /cancel
2025-06-20 14:52:06 DEBUG UpdateproduceImpl:20 - /registration
2025-06-20 15:07:27 ERROR UpdateController:38 - Received unsuppported message type :Update(updateId=678610096, message=null, inlineQuery=null, chosenInlineQuery=null, callbackQuery=null, editedMessage=null, channelPost=null, editedChannelPost=null, shippingQuery=null, preCheckoutQuery=null, poll=null, pollAnswer=null, myChatMember=ChatMemberUpdated(chat=Chat(id=1279979723, type=private, title=null, firstName=Rembo, lastName=null, userName=Settww, photo=null, description=null, inviteLink=null, pinnedMessage=null, stickerSetName=null, canSetStickerSet=null, permissions=null, slowModeDelay=null, bio=null, linkedChatId=null, location=null, messageAutoDeleteTime=null, hasPrivateForwards=null, HasProtectedContent=null, joinToSendMessages=null, joinByRequest=null), from=User(id=1279979723, firstName=Rembo, isBot=false, lastName=null, userName=Settww, languageCode=ru, canJoinGroups=null, canReadAllGroupMessages=null, supportInlineQueries=null, isPremium=null, addedToAttachmentMenu=null), date=1750414047, oldChatMember=ChatMemberMember(status=member, user=User(id=7928820197, firstName=AONITPRAC, isBot=true, lastName=null, userName=AONITPRAC_bot, languageCode=null, canJoinGroups=null, canReadAllGroupMessages=null, supportInlineQueries=null, isPremium=null, addedToAttachmentMenu=null)), newChatMember=ChatMemberBanned(status=kicked, user=User(id=7928820197, firstName=AONITPRAC, isBot=true, lastName=null, userName=AONITPRAC_bot, languageCode=null, canJoinGroups=null, canReadAllGroupMessages=null, supportInlineQueries=null, isPremium=null, addedToAttachmentMenu=null), untilDate=0), inviteLink=null), chatMember=null, chatJoinRequest=null)
2025-06-20 15:07:28 ERROR UpdateController:38 - Received unsuppported message type :Update(updateId=678610097, message=null, inlineQuery=null, chosenInlineQuery=null, callbackQuery=null, editedMessage=null, channelPost=null, editedChannelPost=null, shippingQuery=null, preCheckoutQuery=null, poll=null, pollAnswer=null, myChatMember=ChatMemberUpdated(chat=Chat(id=1279979723, type=private, title=null, firstName=Rembo, lastName=null, userName=Settww, photo=null, description=null, inviteLink=null, pinnedMessage=null, stickerSetName=null, canSetStickerSet=null, permissions=null, slowModeDelay=null, bio=null, linkedChatId=null, location=null, messageAutoDeleteTime=null, hasPrivateForwards=null, HasProtectedContent=null, joinToSendMessages=null, joinByRequest=null), from=User(id=1279979723, firstName=Rembo, isBot=false, lastName=null, userName=Settww, languageCode=ru, canJoinGroups=null, canReadAllGroupMessages=null, supportInlineQueries=null, isPremium=null, addedToAttachmentMenu=null), date=1750414048, oldChatMember=ChatMemberBanned(status=kicked, user=User(id=7928820197, firstName=AONITPRAC, isBot=true, lastName=null, userName=AONITPRAC_bot, languageCode=null, canJoinGroups=null, canReadAllGroupMessages=null, supportInlineQueries=null, isPremium=null, addedToAttachmentMenu=null), untilDate=0), newChatMember=ChatMemberMember(status=member, user=User(id=7928820197, firstName=AONITPRAC, isBot=true, lastName=null, userName=AONITPRAC_bot, languageCode=null, canJoinGroups=null, canReadAllGroupMessages=null, supportInlineQueries=null, isPremium=null, addedToAttachmentMenu=null)), inviteLink=null), chatMember=null, chatJoinRequest=null)
2025-06-20 15:07:28 DEBUG UpdateproduceImpl:20 - /start
2025-06-20 15:07:30 DEBUG UpdateproduceImpl:20 - /help
2025-06-20 15:07:32 DEBUG UpdateproduceImpl:20 - /registration
2025-06-20 15:09:30 ERROR UpdateController:38 - Received unsuppported message type :Update(updateId=678610101, message=null, inlineQuery=null, chosenInlineQuery=null, callbackQuery=null, editedMessage=null, channelPost=null, editedChannelPost=null, shippingQuery=null, preCheckoutQuery=null, poll=null, pollAnswer=null, myChatMember=ChatMemberUpdated(chat=Chat(id=1279979723, type=private, title=null, firstName=Rembo, lastName=null, userName=Settww, photo=null, description=null, inviteLink=null, pinnedMessage=null, stickerSetName=null, canSetStickerSet=null, permissions=null, slowModeDelay=null, bio=null, linkedChatId=null, location=null, messageAutoDeleteTime=null, hasPrivateForwards=null, HasProtectedContent=null, joinToSendMessages=null, joinByRequest=null), from=User(id=1279979723, firstName=Rembo, isBot=false, lastName=null, userName=Settww, languageCode=ru, canJoinGroups=null, canReadAllGroupMessages=null, supportInlineQueries=null, isPremium=null, addedToAttachmentMenu=null), date=1750414171, oldChatMember=ChatMemberMember(status=member, user=User(id=7928820197, firstName=AONITPRAC, isBot=true, lastName=null, userName=AONITPRAC_bot, languageCode=null, canJoinGroups=null, canReadAllGroupMessages=null, supportInlineQueries=null, isPremium=null, addedToAttachmentMenu=null)), newChatMember=ChatMemberBanned(status=kicked, user=User(id=7928820197, firstName=AONITPRAC, isBot=true, lastName=null, userName=AONITPRAC_bot, languageCode=null, canJoinGroups=null, canReadAllGroupMessages=null, supportInlineQueries=null, isPremium=null, addedToAttachmentMenu=null), untilDate=0), inviteLink=null), chatMember=null, chatJoinRequest=null)
2025-06-20 15:09:31 ERROR UpdateController:38 - Received unsuppported message type :Update(updateId=678610102, message=null, inlineQuery=null, chosenInlineQuery=null, callbackQuery=null, editedMessage=null, channelPost=null, editedChannelPost=null, shippingQuery=null, preCheckoutQuery=null, poll=null, pollAnswer=null, myChatMember=ChatMemberUpdated(chat=Chat(id=1279979723, type=private, title=null, firstName=Rembo, lastName=null, userName=Settww, photo=null, description=null, inviteLink=null, pinnedMessage=null, stickerSetName=null, canSetStickerSet=null, permissions=null, slowModeDelay=null, bio=null, linkedChatId=null, location=null, messageAutoDeleteTime=null, hasPrivateForwards=null, HasProtectedContent=null, joinToSendMessages=null, joinByRequest=null), from=User(id=1279979723, firstName=Rembo, isBot=false, lastName=null, userName=Settww, languageCode=ru, canJoinGroups=null, canReadAllGroupMessages=null, supportInlineQueries=null, isPremium=null, addedToAttachmentMenu=null), date=1750414171, oldChatMember=ChatMemberBanned(status=kicked, user=User(id=7928820197, firstName=AONITPRAC, isBot=true, lastName=null, userName=AONITPRAC_bot, languageCode=null, canJoinGroups=null, canReadAllGroupMessages=null, supportInlineQueries=null, isPremium=null, addedToAttachmentMenu=null), untilDate=0), newChatMember=ChatMemberMember(status=member, user=User(id=7928820197, firstName=AONITPRAC, isBot=true, lastName=null, userName=AONITPRAC_bot, languageCode=null, canJoinGroups=null, canReadAllGroupMessages=null, supportInlineQueries=null, isPremium=null, addedToAttachmentMenu=null)), inviteLink=null), chatMember=null, chatJoinRequest=null)
2025-06-20 15:09:31 DEBUG UpdateproduceImpl:20 - /start
2025-06-20 15:09:33 DEBUG UpdateproduceImpl:20 - /help
2025-06-20 15:09:35 DEBUG UpdateproduceImpl:20 - /registration
2025-06-20 15:09:37 DEBUG UpdateproduceImpl:20 - /cancel
2025-06-20 17:08:31 DEBUG UpdateproduceImpl:20 - 
2025-06-20 17:08:37 DEBUG UpdateproduceImpl:20 - /cancel
2025-06-20 17:09:47 DEBUG UpdateproduceImpl:20 - 
2025-06-20 17:11:28 DEBUG UpdateproduceImpl:20 - 
2025-06-20 17:15:01 DEBUG UpdateproduceImpl:20 - 
2025-06-20 17:53:02 ERROR UpdateController:38 - Received unsuppported message type :Update(updateId=678610112, message=null, inlineQuery=null, chosenInlineQuery=null, callbackQuery=null, editedMessage=null, channelPost=null, editedChannelPost=null, shippingQuery=null, preCheckoutQuery=null, poll=null, pollAnswer=null, myChatMember=ChatMemberUpdated(chat=Chat(id=1279979723, type=private, title=null, firstName=Rembo, lastName=null, userName=Settww, photo=null, description=null, inviteLink=null, pinnedMessage=null, stickerSetName=null, canSetStickerSet=null, permissions=null, slowModeDelay=null, bio=null, linkedChatId=null, location=null, messageAutoDeleteTime=null, hasPrivateForwards=null, HasProtectedContent=null, joinToSendMessages=null, joinByRequest=null), from=User(id=1279979723, firstName=Rembo, isBot=false, lastName=null, userName=Settww, languageCode=ru, canJoinGroups=null, canReadAllGroupMessages=null, supportInlineQueries=null, isPremium=null, addedToAttachmentMenu=null), date=1750423982, oldChatMember=ChatMemberMember(status=member, user=User(id=7928820197, firstName=AONITPRAC, isBot=true, lastName=null, userName=AONITPRAC_bot, languageCode=null, canJoinGroups=null, canReadAllGroupMessages=null, supportInlineQueries=null, isPremium=null, addedToAttachmentMenu=null)), newChatMember=ChatMemberBanned(status=kicked, user=User(id=7928820197, firstName=AONITPRAC, isBot=true, lastName=null, userName=AONITPRAC_bot, languageCode=null, canJoinGroups=null, canReadAllGroupMessages=null, supportInlineQueries=null, isPremium=null, addedToAttachmentMenu=null), untilDate=0), inviteLink=null), chatMember=null, chatJoinRequest=null)
2025-06-20 17:53:03 ERROR UpdateController:38 - Received unsuppported message type :Update(updateId=678610113, message=null, inlineQuery=null, chosenInlineQuery=null, callbackQuery=null, editedMessage=null, channelPost=null, editedChannelPost=null, shippingQuery=null, preCheckoutQuery=null, poll=null, pollAnswer=null, myChatMember=ChatMemberUpdated(chat=Chat(id=1279979723, type=private, title=null, firstName=Rembo, lastName=null, userName=Settww, photo=null, description=null, inviteLink=null, pinnedMessage=null, stickerSetName=null, canSetStickerSet=null, permissions=null, slowModeDelay=null, bio=null, linkedChatId=null, location=null, messageAutoDeleteTime=null, hasPrivateForwards=null, HasProtectedContent=null, joinToSendMessages=null, joinByRequest=null), from=User(id=1279979723, firstName=Rembo, isBot=false, lastName=null, userName=Settww, languageCode=ru, canJoinGroups=null, canReadAllGroupMessages=null, supportInlineQueries=null, isPremium=null, addedToAttachmentMenu=null), date=1750423984, oldChatMember=ChatMemberBanned(status=kicked, user=User(id=7928820197, firstName=AONITPRAC, isBot=true, lastName=null, userName=AONITPRAC_bot, languageCode=null, canJoinGroups=null, canReadAllGroupMessages=null, supportInlineQueries=null, isPremium=null, addedToAttachmentMenu=null), untilDate=0), newChatMember=ChatMemberMember(status=member, user=User(id=7928820197, firstName=AONITPRAC, isBot=true, lastName=null, userName=AONITPRAC_bot, languageCode=null, canJoinGroups=null, canReadAllGroupMessages=null, supportInlineQueries=null, isPremium=null, addedToAttachmentMenu=null)), inviteLink=null), chatMember=null, chatJoinRequest=null)
2025-06-20 17:53:03 DEBUG UpdateproduceImpl:20 - /start
2025-06-20 17:53:31 DEBUG UpdateproduceImpl:20 - 
2025-06-20 17:56:36 DEBUG UpdateproduceImpl:20 - 
2025-06-20 17:57:22 DEBUG UpdateproduceImpl:20 - 
2025-06-20 18:00:01 DEBUG UpdateproduceImpl:20 - 
2025-06-20 18:01:37 DEBUG UpdateproduceImpl:20 - 
2025-06-23 10:45:21 DEBUG UpdateproduceImpl:20 - 
2025-06-23 11:58:51 DEBUG UpdateproduceImpl:20 - 
2025-06-23 12:01:57 DEBUG UpdateproduceImpl:20 - 
2025-06-23 12:06:37 DEBUG UpdateproduceImpl:20 - 
2025-06-23 12:07:20 DEBUG UpdateproduceImpl:20 - 
2025-06-23 12:25:35 DEBUG UpdateproduceImpl:20 - 
2025-06-23 12:29:06 DEBUG UpdateproduceImpl:20 - 
2025-06-23 12:34:11 DEBUG UpdateproduceImpl:20 - 
2025-06-23 12:34:59 DEBUG UpdateproduceImpl:20 - Astana
2025-06-23 12:35:01 DEBUG UpdateproduceImpl:20 - /help
2025-06-23 12:35:04 DEBUG UpdateproduceImpl:20 - /registration
2025-06-23 12:35:06 DEBUG UpdateproduceImpl:20 - /cancel
2025-06-23 12:35:14 DEBUG UpdateproduceImpl:20 - 
2025-06-23 12:54:15 DEBUG UpdateproduceImpl:20 - 
2025-06-23 12:57:40 DEBUG UpdateproduceImpl:20 - 
2025-06-23 13:21:12 DEBUG UpdateproduceImpl:20 - 
2025-06-23 13:25:11 DEBUG UpdateproduceImpl:20 - 
2025-06-24 11:28:32 DEBUG UpdateproduceImpl:20 - 
2025-06-24 11:28:41 DEBUG UpdateproduceImpl:20 - /register
2025-06-24 11:28:44 DEBUG UpdateproduceImpl:20 - /help
2025-06-24 11:28:45 DEBUG UpdateproduceImpl:20 - /registration
2025-06-24 11:29:00 DEBUG UpdateproduceImpl:20 - ripokripon@gmail.com
2025-06-24 11:30:06 DEBUG UpdateproduceImpl:20 - /help
2025-06-24 11:30:08 DEBUG UpdateproduceImpl:20 - /registration
2025-06-24 11:30:25 DEBUG UpdateproduceImpl:20 - 
2025-06-24 11:30:34 DEBUG UpdateproduceImpl:20 - /help
2025-06-24 11:32:18 DEBUG UpdateproduceImpl:20 - /registration
2025-06-24 11:32:27 DEBUG UpdateproduceImpl:20 - 
2025-06-24 12:44:39 DEBUG UpdateproduceImpl:20 - 
